<?xml version="1.0" encoding="utf-8"?><testsuites><testsuite name="pytest" errors="0" failures="0" skipped="0" tests="6" time="0.305" timestamp="2025-11-21T19:29:08.033595+01:00" hostname="synnsltjr40663-l"><testcase classname="hello_app.tests.test_views" name="test_home" time="0.023" /><testcase classname="hello_app.tests.test_views" name="test_about" time="0.003" /><testcase classname="hello_app.tests.test_views" name="test_contact" time="0.003" /><testcase classname="hello_app.tests.test_views" name="test_hello_no_name" time="0.007" /><testcase classname="hello_app.tests.test_views" name="test_hello_with_name" time="0.002" /><testcase classname="hello_app.tests.test_views" name="test_api_data" time="0.005" /></testsuite></testsuites>